---
source: crates/vercel_runtime_router/src/lib.rs
expression: "router.call(\"api\")"
---
None
